------- FILE template.dasm LEVEL 1 PASS 2
      1  10000 ????						;------------------------------------------------
      2  10000 ????						;
      3  10000 ????						; Atari VCS Game
      4  10000 ????						; by Larry Qian
      5  10000 ????						;
      6  10000 ????						;------------------------------------------------
      7  10000 ????				       processor	6502
      8  10000 ????				       include	vcs.h
      9  10000 ????				       include	macro.h
     10  10000 ????
     11  10000 ????						;------------------------------------------------
     12  10000 ????						; Constants
     13  10000 ????						;------------------------------------------------
     14  10000 ????		00 00	    BLACK      =	#$00
     15  10000 ????
     16  10000 ????						;------------------------------------------------
     17  10000 ????						; RAM
     18  10000 ????						;------------------------------------------------
     19 U0082 ????				      SEG.U	variables
     20 U0080					      ORG	$80
     21 U0080
     22 U0080		       00	   bgcolor    .byte.b
     23 U0081		       00	   frame      .byte.b
     24 U0082
 2  RAM bytes used
     25 U0082					      echo	[(* - $80)]d, " RAM bytes used"
     26 U0082
     27 U0082							;------------------------------------------------
     28 U0082							; Start of ROM
     29 U0082							;------------------------------------------------
     30  10000 ????				       SEG	Bank0
     31  f000					      ORG	$F000	; 4k ROM start point
     32  f000
     33  f000				   Start
template.dasm (34): error: Unknown Mnemonic 'CLEAN_START'.
     34  f000					      CLEAN_START		; Clear RAM and Registers
     35  f000		       a9 ff		      lda	#$FF
     36  f002		       8d 00 00 	      sta	AUDV0
     37  f005		       8d 00 00 	      sta	AUDV1
     38  f008
     39  f008							;------------------------------------------------
     40  f008							; Vertical Blank
     41  f008							;------------------------------------------------
     42  f008				   MainLoop
     43  f008							;***** Vertical Sync routine
     44  f008		       a9 02		      lda	#2
     45  f00a		       8d 00 00 	      sta	VSYNC	; begin vertical sync, hold for 3 lines
     46  f00d		       8d 00 00 	      sta	WSYNC	; 1st line of vsync
     47  f010		       8d 00 00 	      sta	WSYNC	; 2nd line of vsync
     48  f013		       8d 00 00 	      sta	WSYNC	; 3rd line of vsync
     49  f016		       a9 2b		      lda	#43	; set up timer for end of vblank
     50  f018		       8d 00 00 	      sta	TIM64T
     51  f01b		       a9 00		      lda	#0
     52  f01d		       8d 00 00 	      sta	VSYNC	; turn off vertical sync - also start of vertical blank
     53  f020
     54  f020							;***** Vertical Blank code goes here
     55  f020		       a9 0e		      lda	#$0E
     56  f022		       85 80		      sta	bgcolor
     57  f024
     58  f024				   .waitForVBlank
     59  f024		       ad 00 00 	      lda	INTIM
     60  f027		       d0 fb		      bne	.waitForVBlank
     61  f029		       8d 00 00 	      sta	WSYNC
     62  f02c		       8d 00 00 	      sta	VBLANK
     63  f02f
     64  f02f							;------------------------------------------------
     65  f02f							; Kernel
     66  f02f							;------------------------------------------------
     67  f02f				   DrawScreen
     68  f02f		       a2 c1		      ldx	#192+1	; Kernel goes here
     69  f031				   .bg1
     70  f031		       a5 80		      lda	bgcolor
     71  f033		       8d 00 00 	      sta	COLUBK
     72  f036		       ca		      dex
     73  f037		       8d 00 00 	      sta	WSYNC
     74  f03a		       d0 f5		      bne	.bg1
     75  f03c
     76  f03c							;------------------------------------------------
     77  f03c							; Overscan
     78  f03c							;------------------------------------------------
     79  f03c		       a9 42		      lda	#%01000010
     80  f03e		       8d 00 00 	      sta	WSYNC
     81  f041		       8d 00 00 	      sta	VBLANK
     82  f044		       a9 24		      lda	#36
     83  f046		       8d 00 00 	      sta	TIM64T
     84  f049
     85  f049							;***** Overscan Code goes here
     86  f049
     87  f049				   .waitForOverscan
     88  f049		       ad 00 00 	      lda	INTIM
     89  f04c		       d0 fb		      bne	.waitForOverscan
     90  f04e
     91  f04e		       4c 08 f0 	      jmp	MainLoop
     92  f051
     93  f051							;------------------------------------------------
     94  f051							; ROM Tables
     95  f051							;------------------------------------------------
     96  f051							;***** ROM tables go here
     97  f051
     98  f051							;------------------------------------------------
     99  f051							; Interrupt Vectors
    100  f051							;------------------------------------------------
 81  ROM bytes used
    101  f051					      echo	[*-$F000]d, " ROM bytes used"
    102  fffa					      ORG	$FFFA
    103  fffa		       00 f0		      .word.w	Start	; NMI
    104  fffc		       00 f0		      .word.w	Start	; RESET
    105  fffe		       00 f0		      .word.w	Start	; IRQ
    106  10000
    107  10000					       END
